/Users/luhui/Documents/luhui/TestCodeBarn/JmeterSamplers/src/main/java/com/yzw/jmetersampler/functions/KVToJSONString.java
/Users/luhui/Documents/luhui/TestCodeBarn/JmeterSamplers/src/main/java/com/yzw/jmetersampler/config/DBConfig.java
/Users/luhui/Documents/luhui/TestCodeBarn/JmeterSamplers/src/main/java/com/yzw/jmetersampler/service/RedisClient.java
/Users/luhui/Documents/luhui/TestCodeBarn/JmeterSamplers/src/main/java/com/yzw/jmetersampler/samplers/SqlAssertSampler.java
/Users/luhui/Documents/luhui/TestCodeBarn/JmeterSamplers/src/main/java/com/yzw/jmetersampler/samplers/BatchSqlSampler.java
/Users/luhui/Documents/luhui/TestCodeBarn/JmeterSamplers/src/main/java/com/yzw/jmetersampler/JmeterSamplersApplication.java
/Users/luhui/Documents/luhui/TestCodeBarn/JmeterSamplers/src/main/java/com/yzw/jmetersampler/utils/StringUtil.java
/Users/luhui/Documents/luhui/TestCodeBarn/JmeterSamplers/src/main/java/com/yzw/jmetersampler/samplers/RedisSampler.java
/Users/luhui/Documents/luhui/TestCodeBarn/JmeterSamplers/src/main/java/com/yzw/jmetersampler/samplers/DataToolSampler.java
/Users/luhui/Documents/luhui/TestCodeBarn/JmeterSamplers/src/main/java/com/yzw/jmetersampler/config/RedisMethodsEnum.java
/Users/luhui/Documents/luhui/TestCodeBarn/JmeterSamplers/src/main/java/com/yzw/jmetersampler/config/RedisConfig.java
/Users/luhui/Documents/luhui/TestCodeBarn/JmeterSamplers/src/main/java/com/yzw/jmetersampler/service/RedisService.java
/Users/luhui/Documents/luhui/TestCodeBarn/JmeterSamplers/src/main/java/com/yzw/jmetersampler/utils/test.java
/Users/luhui/Documents/luhui/TestCodeBarn/JmeterSamplers/src/main/java/com/yzw/jmetersampler/samplers/MysqlSampler.java
/Users/luhui/Documents/luhui/TestCodeBarn/JmeterSamplers/src/main/java/com/yzw/jmetersampler/service/MySqlService.java
